// Jest Snapshot v1, https://goo.gl/fbAQLP

exports[`Pruebas en el  <CounterApp /> debe de mostrar <CounterApp /> correctamente  1`] = `
<Fragment>
  <h1>
    CounterApp
  </h1>
  <h2>
    10
  </h2>
  <button
    onClick={[Function]}
  >
    Incrementar Estado
  </button>
  <button
    onClick={[Function]}
  >
    Reiniciar Estado 
  </button>
  <button
    onClick={[Function]}
  >
    Decrementar Estado 
  </button>
</Fragment>
`;
